Build started 7/14/2026 8:45:12 AM.
     1>Project "C:\In-Core_Analog_tst\In-Core_Analog_tst.vcxproj" on node 2 (build target(s)).
     1>InitializeBuildStatus:
         Creating "Debug\In-Core_Analog_tst.unsuccessfulbuild" because "AlwaysCreate" was specified.
       ClCompile:
         C:\Program Files\Microsoft Visual Studio 10.0\VC\bin\CL.exe /c /ZI /nologo /W3 /WX- /Od /Oy- /D WIN32 /D _DEBUG /D _CONSOLE /D _UNICODE /D UNICODE /Gm /EHsc /RTC1 /MDd /GS /fp:precise /Zc:wchar_t /Zc:forScope /Fo"Debug\\" /Fd"Debug\vc100.pdb" /Gd /TP /analyze- /errorReport:prompt "In-Core_Analog_tst.cpp"
         In-Core_Analog_tst.cpp
       ManifestResourceCompile:
         All outputs are up-to-date.
       Link:
         C:\Program Files\Microsoft Visual Studio 10.0\VC\bin\link.exe /ERRORREPORT:PROMPT /OUT:"C:\In-Core_Analog_tst\Debug\In-Core_Analog_tst.exe" /INCREMENTAL /NOLOGO kernel32.lib user32.lib gdi32.lib winspool.lib comdlg32.lib advapi32.lib shell32.lib ole32.lib oleaut32.lib uuid.lib odbc32.lib odbccp32.lib /MANIFEST /ManifestFile:"Debug\In-Core_Analog_tst.exe.intermediate.manifest" /MANIFESTUAC:"level='asInvoker' uiAccess='false'" /DEBUG /PDB:"C:\In-Core_Analog_tst\Debug\In-Core_Analog_tst.pdb" /SUBSYSTEM:CONSOLE /TLBID:1 /DYNAMICBASE /NXCOMPAT /IMPLIB:"C:\In-Core_Analog_tst\Debug\In-Core_Analog_tst.lib" /MACHINE:X86 "Debug\In-Core_Analog_tst.exe.embed.manifest.res"
         "Debug\In-Core_Analog_tst.obj"
       Manifest:
         C:\Program Files\Microsoft SDKs\Windows\v7.0A\bin\mt.exe /nologo /verbose /out:"Debug\In-Core_Analog_tst.exe.embed.manifest" /manifest "Debug\In-Core_Analog_tst.exe.intermediate.manifest"
         All outputs are up-to-date.
       LinkEmbedManifest:
         All outputs are up-to-date.
         In-Core_Analog_tst.vcxproj -> C:\In-Core_Analog_tst\Debug\In-Core_Analog_tst.exe
       FinalizeBuildStatus:
         Deleting file "Debug\In-Core_Analog_tst.unsuccessfulbuild".
         Touching "Debug\In-Core_Analog_tst.lastbuildstate".
     1>Done Building Project "C:\In-Core_Analog_tst\In-Core_Analog_tst.vcxproj" (build target(s)).

Build succeeded.

Time Elapsed 00:00:01.70
